// Jest Snapshot v1, https://goo.gl/fbAQLP

exports[`loading should match snapshot 1`] = `
<div>
  <div
    class="flex flex-col sm:grid sm:grid-cols-[40%_60%] gap-4 min-h-[500px]"
    data-testid="loading"
  >
    <article
      class="h-full bg-[#3054b7ca]  rounded-2xl dark:bg-[#3a4957cc] mx-4 md:mx-0"
    />
    <article
      class="h-full bg-[#3054b7ca]  rounded-2xl dark:bg-[#3a4957cc] mx-4 md:mx-0"
    />
  </div>
</div>
`;
