// Jest Snapshot v1, https://goo.gl/fbAQLP

exports[`Highlight should match snapshot 1`] = `
<div>
  <div
    class="w-full bg-[color:var(--background-body2)] flex flex-col justify-center text-center px-0 py-2 rounded-xl hover:bg-[color:var(--button-hover)] hover:text-[color:var(--text-main)]"
  >
    <h3>
      Title
    </h3>
    <img
      alt="description"
      class="m-auto"
      height="150"
      src="img"
      width="150"
    />
    <p>
      description
       
      <span>
        %
      </span>
    </p>
  </div>
</div>
`;
